run SMfsm0 step on wel
Firing ts1 and entering s2
run SMfsm1 step on M
run SMfsm2 step on M
run SMfsm3 step on M
run SMfsm0 step on co
run SMfsm1 step on co
Firing ts1 and entering s2
run SMfsm2 step on o
run SMfsm3 step on o
run SMfsm0 step on me
run SMfsm1 step on me
run SMfsm2 step on me
Firing sa_to_sa and entering sa
run SMfsm3 step on de
run SMfsm0 step on at
Firing s2_to_s1 and entering s1
run SMfsm1 step on l
run SMfsm2 step on l
run SMfsm3 step on l
run SMfsm0 step on gemoc
run SMfsm1 step on gemoc
Firing s2_to_s1 and entering s1
run SMfsm2 step on s
run SMfsm3 step on s
run SMfsm0 step on tutorial
run SMfsm1 step on tutorial
run SMfsm2 step on tutorial
run SMfsm3 step on tutorial
Firing s2_to_s1 and entering s2
run SMfsm0 step on !!!
run SMfsm1 step on !!!
run SMfsm2 step on !!!
run SMfsm3 step on !!!
Firing ts1 and entering s1
run SMfsm0 step on M
