Calling Square
Calling SubSquareSize
Calling SubSquareSize
Calling Square
Calling SubSquareSize
Calling SubSquareSize
Calling Square
Calling Tree
Calling Square
Calling SubSquareSize
Calling Tree
Calling SubSquareSize
Calling Square
Calling SubSquareSize
Calling Tree
Calling SubSquareSize
Calling Square
Calling SubSquareSize
Calling Tree
Calling SubSquareSize
Calling Square
Calling SubSquareSize
Calling SubSquareSize
Calling Square
Calling SubSquareSize
Calling SubSquareSize
Calling SubSquareSize
Calling Square
Calling SubSquareSize
Calling Tree
Calling SubSquareSize
Calling Square
Calling SubSquareSize
Calling SubSquareSize
Calling Square
Calling SubSquareSize
Calling SubSquareSize
Calling SubSquareSize
Calling SubSquareSize
Calling Square
Calling SubSquareSize
Calling Tree
Calling SubSquareSize
Calling Square
Calling SubSquareSize
Calling Tree
Calling SubSquareSize
Calling Square
Calling SubSquareSize
Calling SubSquareSize
Calling Square
Calling SubSquareSize
Calling SubSquareSize
Calling SubSquareSize
Calling Square
Calling SubSquareSize
Calling Tree
Calling SubSquareSize
Calling Square
Calling SubSquareSize
Calling SubSquareSize
Calling Square
Calling SubSquareSize
Calling SubSquareSize
Calling SubSquareSize
Calling SubSquareSize
Calling SubSquareSize
Calling Square
Calling SubSquareSize
Calling Tree
Calling SubSquareSize
Calling Square
Calling SubSquareSize
Calling Tree
Calling SubSquareSize
Calling Square
Calling SubSquareSize
Calling Tree
Calling SubSquareSize
Calling Square
Calling SubSquareSize
Calling SubSquareSize
Calling Square
Calling SubSquareSize
Calling SubSquareSize
Calling SubSquareSize
Calling Square
Calling SubSquareSize
Calling Tree
Calling SubSquareSize
Calling Square
Calling SubSquareSize
Calling SubSquareSize
Calling Square
Calling SubSquareSize
Calling SubSquareSize
Calling SubSquareSize
Calling SubSquareSize
Calling Square
Calling SubSquareSize
Calling Tree
Calling SubSquareSize
Calling Square
Calling SubSquareSize
Calling Tree
Calling SubSquareSize
Calling Square
Calling SubSquareSize
Calling SubSquareSize
Calling Square
Calling SubSquareSize
Calling SubSquareSize
Calling SubSquareSize
Calling Square
Calling SubSquareSize
Calling Tree
Calling SubSquareSize
Calling Square
Calling SubSquareSize
Calling SubSquareSize
Calling Square
Calling SubSquareSize
Calling SubSquareSize
Calling SubSquareSize
Calling SubSquareSize
Calling SubSquareSize
